[lemon149435.brizy.site/indexc0c5.html]
[backblue.gif]
[fade.gif]
[index.html]
[lemon149435.brizy.site/editor-build/free/1.0.1005/editor/css/preview.css]
[media.brizy.cloud/media/iW=5000&iH=any/8fa35048d95bc202318edb79120bd154.png]
[gumroad.com/js/gumroad.js]
[media.brizy.cloud/media/iW=760&iH=789&oX=0&oY=0&cW=760&cH=568/47a5ab05db6c1f21375c19341abc25b4.png]
[media.brizy.cloud/media/iW=790&iH=777&oX=0&oY=0&cW=760&cH=568/13fe59e83e4d91a1a298810d528fd740.png]
[lemon149435.brizy.site/editor-build/free/1.0.1005/editor/js/polyfill.js]
[lemon149435.brizy.site/indexc0c5.html]
[lemon149435.brizy.site/editor-build/free/1.0.1005/editor/css/preview.css]
[lemon149435.brizy.site/editor-build/free/1.0.1005/template/icons/outline/b-meeting.svg]
[lemon149435.brizy.site/editor-build/free/1.0.1005/template/icons/outline/eye-17.svg]
[lemon149435.brizy.site/editor-build/free/1.0.1005/template/icons/outline/dishwasher.svg]
[lemon149435.brizy.site/editor-build/free/1.0.1005/template/icons/outline/a-heart.svg]
[lemon149435.brizy.site/editor-build/free/1.0.1005/template/icons/outline/a-add.svg]
[lemon149435.brizy.site/editor-build/free/1.0.1005/template/icons/outline/cart-simple-add.svg]
[lemon149435.brizy.site/editor-build/free/1.0.1005/template/icons/outline/back-80.svg]
[lemon149435.brizy.site/editor-build/free/1.0.1005/editor/js/preview.js]
